Archive member included because of file (symbol)

/Users/peterbruce/gcc-arm-none-eabi-4_9-2015q3/bin/../lib/gcc/arm-none-eabi/4.9.3/../../../../arm-none-eabi/lib/armv7e-m/libg_nano.a(lib_a-errno.o)
                              ./system/src/newlib/_sbrk.o (__errno)
/Users/peterbruce/gcc-arm-none-eabi-4_9-2015q3/bin/../lib/gcc/arm-none-eabi/4.9.3/../../../../arm-none-eabi/lib/armv7e-m/libg_nano.a(lib_a-impure.o)
                              /Users/peterbruce/gcc-arm-none-eabi-4_9-2015q3/bin/../lib/gcc/arm-none-eabi/4.9.3/../../../../arm-none-eabi/lib/armv7e-m/libg_nano.a(lib_a-errno.o) (_impure_ptr)
/Users/peterbruce/gcc-arm-none-eabi-4_9-2015q3/bin/../lib/gcc/arm-none-eabi/4.9.3/../../../../arm-none-eabi/lib/armv7e-m/libg_nano.a(lib_a-memcpy.o)
                              ./src/FreeRTOS/queue.o (memcpy)
/Users/peterbruce/gcc-arm-none-eabi-4_9-2015q3/bin/../lib/gcc/arm-none-eabi/4.9.3/../../../../arm-none-eabi/lib/armv7e-m/libg_nano.a(lib_a-memset.o)
                              ./src/FreeRTOS/tasks.o (memset)
/Users/peterbruce/gcc-arm-none-eabi-4_9-2015q3/bin/../lib/gcc/arm-none-eabi/4.9.3/../../../../arm-none-eabi/lib/armv7e-m/libg_nano.a(lib_a-strcat.o)
                              ./src/rn2483.o (strcat)
/Users/peterbruce/gcc-arm-none-eabi-4_9-2015q3/bin/../lib/gcc/arm-none-eabi/4.9.3/../../../../arm-none-eabi/lib/armv7e-m/libg_nano.a(lib_a-strcpy.o)
                              ./src/rn2483.o (strcpy)
/Users/peterbruce/gcc-arm-none-eabi-4_9-2015q3/bin/../lib/gcc/arm-none-eabi/4.9.3/../../../../arm-none-eabi/lib/armv7e-m/libg_nano.a(lib_a-strncat.o)
                              ./src/rn2483.o (strncat)
/Users/peterbruce/gcc-arm-none-eabi-4_9-2015q3/bin/../lib/gcc/arm-none-eabi/4.9.3/../../../../arm-none-eabi/lib/armv7e-m/libg_nano.a(lib_a-strncpy.o)
                              ./src/FreeRTOS/tasks.o (strncpy)

Allocating common symbols
Common symbol       size              file

HSEStartUpStatus    0x1               ./src/main.o
x                   0x1               ./src/app.o
f                   0x1               ./src/app.o
errno               0x4               ./system/src/newlib/_syscalls.o
seismic             0x1               ./src/app.o
tilt                0x1               ./src/app.o
_flash              0x24              ./src/app.o
active              0x1               ./src/app.o
ins2                0x1               ./src/app.o
z                   0x1               ./src/app.o
y                   0x1               ./src/app.o
d                   0x1               ./src/app.o
_rn2483             0x114             ./src/app.o
e                   0x1               ./src/app.o

Discarded input sections

 .group         0x0000000000000000        0x8 ./system/src/stm32f3-stdperiph/stm32f30x_exti.o
 .group         0x0000000000000000        0x8 ./system/src/stm32f3-stdperiph/stm32f30x_exti.o
 .group         0x0000000000000000        0x8 ./system/src/stm32f3-stdperiph/stm32f30x_exti.o
 .group         0x0000000000000000        0x8 ./system/src/stm32f3-stdperiph/stm32f30x_exti.o
 .group         0x0000000000000000        0x8 ./system/src/stm32f3-stdperiph/stm32f30x_exti.o
 .group         0x0000000000000000        0x8 ./system/src/stm32f3-stdperiph/stm32f30x_exti.o
 .group         0x0000000000000000        0x8 ./system/src/stm32f3-stdperiph/stm32f30x_exti.o
 .group         0x0000000000000000        0x8 ./system/src/stm32f3-stdperiph/stm32f30x_exti.o
 .group         0x0000000000000000        0x8 ./system/src/stm32f3-stdperiph/stm32f30x_exti.o
 .group         0x0000000000000000        0x8 ./system/src/stm32f3-stdperiph/stm32f30x_exti.o
 .group         0x0000000000000000        0x8 ./system/src/stm32f3-stdperiph/stm32f30x_exti.o
 .group         0x0000000000000000        0x8 ./system/src/stm32f3-stdperiph/stm32f30x_exti.o
 .group         0x0000000000000000        0x8 ./system/src/stm32f3-stdperiph/stm32f30x_exti.o
 .group         0x0000000000000000        0x8 ./system/src/stm32f3-stdperiph/stm32f30x_exti.o
 .group         0x0000000000000000        0x8 ./system/src/stm32f3-stdperiph/stm32f30x_exti.o
 .group         0x0000000000000000        0x8 ./system/src/stm32f3-stdperiph/stm32f30x_exti.o
 .group         0x0000000000000000        0x8 ./system/src/stm32f3-stdperiph/stm32f30x_exti.o
 .group         0x0000000000000000        0x8 ./system/src/stm32f3-stdperiph/stm32f30x_exti.o
 .group         0x0000000000000000        0x8 ./system/src/stm32f3-stdperiph/stm32f30x_exti.o
 .group         0x0000000000000000        0x8 ./system/src/stm32f3-stdperiph/stm32f30x_exti.o
 .group         0x0000000000000000        0x8 ./system/src/stm32f3-stdperiph/stm32f30x_exti.o
 .group         0x0000000000000000        0x8 ./system/src/stm32f3-stdperiph/stm32f30x_exti.o
 .group         0x0000000000000000        0x8 ./system/src/stm32f3-stdperiph/stm32f30x_exti.o
 .group         0x0000000000000000        0x8 ./system/src/stm32f3-stdperiph/stm32f30x_exti.o
[...]
Memory Configuration

Name             Origin             Length             Attributes
RAM              0x0000000020000000 0x0000000000004000 xrw
CCMRAM           0x0000000010000000 0x0000000000000000 xrw
FLASH            0x0000000008000000 0x0000000000010000 xr
FLASHB1          0x0000000000000000 0x0000000000000000 xr
EXTMEMB0         0x0000000000000000 0x0000000000000000 xr
EXTMEMB1         0x0000000000000000 0x0000000000000000 xr
EXTMEMB2         0x0000000000000000 0x0000000000000000 xr
EXTMEMB3         0x0000000000000000 0x0000000000000000 xr
MEMORY_ARRAY     0x0000000020002000 0x0000000000000000 xrw
*default*        0x0000000000000000 0xffffffffffffffff

Linker script and memory map

LOAD ./system/src/stm32f3-stdperiph/stm32f30x_exti.o
LOAD ./system/src/stm32f3-stdperiph/stm32f30x_flash.o
LOAD ./system/src/stm32f3-stdperiph/stm32f30x_gpio.o
LOAD ./system/src/stm32f3-stdperiph/stm32f30x_i2c.o
LOAD ./system/src/stm32f3-stdperiph/stm32f30x_iwdg.o
LOAD ./system/src/stm32f3-stdperiph/stm32f30x_misc.o
LOAD ./system/src/stm32f3-stdperiph/stm32f30x_pwr.o
LOAD ./system/src/stm32f3-stdperiph/stm32f30x_rcc.o
LOAD ./system/src/stm32f3-stdperiph/stm32f30x_rtc.o
LOAD ./system/src/stm32f3-stdperiph/stm32f30x_syscfg.o
LOAD ./system/src/stm32f3-stdperiph/stm32f30x_usart.o
LOAD ./system/src/newlib/_cxx.o
LOAD ./system/src/newlib/_exit.o
LOAD ./system/src/newlib/_sbrk.o
LOAD ./system/src/newlib/_startup.o
LOAD ./system/src/newlib/_syscalls.o
LOAD ./system/src/newlib/assert.o
LOAD ./system/src/diag/Trace.o
LOAD ./system/src/diag/trace_impl.o
LOAD ./system/src/cortexm/_initialize_hardware.o
LOAD ./system/src/cortexm/_reset_hardware.o
LOAD ./system/src/cortexm/exception_handlers.o
LOAD ./system/src/cmsis/system_stm32f30x.o
LOAD ./system/src/cmsis/vectors_stm32f30x.o
LOAD ./src/FreeRTOS/common.o
LOAD ./src/FreeRTOS/croutine.o
LOAD ./src/FreeRTOS/heap_2.o
LOAD ./src/FreeRTOS/list.o
LOAD ./src/FreeRTOS/port.o
LOAD ./src/FreeRTOS/queue.o
LOAD ./src/FreeRTOS/tasks.o
LOAD ./src/_write.o
LOAD ./src/app.o
LOAD ./src/flash.o
LOAD ./src/kx122.o
LOAD ./src/main.o
LOAD ./src/power.o
LOAD ./src/rn2483.o
LOAD /Users/peterbruce/gcc-arm-none-eabi-4_9-2015q3/bin/../lib/gcc/arm-none-eabi/4.9.3/../../../../arm-none-eabi/lib/armv7e-m/libstdc++_nano.a
LOAD /Users/peterbruce/gcc-arm-none-eabi-4_9-2015q3/bin/../lib/gcc/arm-none-eabi/4.9.3/../../../../arm-none-eabi/lib/armv7e-m/libm.a
START GROUP
LOAD /Users/peterbruce/gcc-arm-none-eabi-4_9-2015q3/bin/../lib/gcc/arm-none-eabi/4.9.3/armv7e-m/libgcc.a
LOAD /Users/peterbruce/gcc-arm-none-eabi-4_9-2015q3/bin/../lib/gcc/arm-none-eabi/4.9.3/../../../../arm-none-eabi/lib/armv7e-m/libg_nano.a
LOAD /Users/peterbruce/gcc-arm-none-eabi-4_9-2015q3/bin/../lib/gcc/arm-none-eabi/4.9.3/../../../../arm-none-eabi/lib/armv7e-m/libc_nano.a
END GROUP
START GROUP
LOAD /Users/peterbruce/gcc-arm-none-eabi-4_9-2015q3/bin/../lib/gcc/arm-none-eabi/4.9.3/armv7e-m/libgcc.a
LOAD /Users/peterbruce/gcc-arm-none-eabi-4_9-2015q3/bin/../lib/gcc/arm-none-eabi/4.9.3/../../../../arm-none-eabi/lib/armv7e-m/libc_nano.a
END GROUP
                0x0000000020004000                __stack = (ORIGIN (RAM) + 0x4000)
                0x0000000020004000                _estack = __stack
                0x0000000000000400                __Main_Stack_Size = 0x400
                0x0000000000000400                PROVIDE (_Main_Stack_Size, __Main_Stack_Size)
                0x0000000020003c00                __Main_Stack_Limit = (__stack - __Main_Stack_Size)
                0x0000000020003c00                PROVIDE (_Main_Stack_Limit, __Main_Stack_Limit)
                0x0000000000000100                _Minimum_Stack_Size = 0x100
                0x000000002000232c                PROVIDE (_Heap_Begin, _end_noinit)
                0x0000000020003c00                PROVIDE (_Heap_Limit, (__stack - __Main_Stack_Size))

.isr_vector     0x0000000008000000      0x330
 FILL mask 0xff
                0x0000000008000000                __vectors_start = ABSOLUTE (.)
                0x0000000008000000                __vectors_start__ = ABSOLUTE (.)
 *(.isr_vector)
 .isr_vector    0x0000000008000000      0x188 ./system/src/cmsis/vectors_stm32f30x.o
                0x0000000008000000                __isr_vectors
 *(.cfmconfig)
 *(.after_vectors .after_vectors.*)
 .after_vectors
                0x0000000008000188      0x130 ./system/src/newlib/_startup.o
                0x0000000008000188                _start
 .after_vectors
                0x00000000080002b8       0x74 ./system/src/cortexm/exception_handlers.o
                0x00000000080002b8                Reset_Handler
                0x00000000080002c0                NMI_Handler
                0x00000000080002c4                HardFault_Handler
                0x00000000080002d8                HardFault_Handler_C
                0x00000000080002dc                MemManage_Handler
                0x00000000080002e0                BusFault_Handler
                0x00000000080002f4                BusFault_Handler_C
                0x00000000080002f8                UsageFault_Handler
                0x000000000800030c                UsageFault_Handler_C
                0x0000000008000314                DebugMon_Handler
 .after_vectors
                0x000000000800032c        0x4 ./system/src/cmsis/vectors_stm32f30x.o
                0x000000000800032c                TIM1_BRK_TIM15_IRQHandler
                0x000000000800032c                TIM8_TRG_COM_IRQHandler
                0x000000000800032c                TIM8_CC_IRQHandler
                0x000000000800032c                TIM1_CC_IRQHandler
                0x000000000800032c                USB_HP_IRQHandler
                0x000000000800032c                PVD_IRQHandler
                0x000000000800032c                EXTI3_IRQHandler
                0x000000000800032c                I2C2_EV_IRQHandler
                0x000000000800032c                FPU_IRQHandler
                0x000000000800032c                EXTI2_TS_IRQHandler
                0x000000000800032c                TIM1_UP_TIM16_IRQHandler
                0x000000000800032c                ADC1_2_IRQHandler
                0x000000000800032c                SPI1_IRQHandler
                0x000000000800032c                TIM6_DAC_IRQHandler
                0x000000000800032c                TIM8_UP_IRQHandler
                0x000000000800032c                DMA2_Channel2_IRQHandler
                0x000000000800032c                DMA1_Channel4_IRQHandler
                0x000000000800032c                USART3_IRQHandler
                0x000000000800032c                DMA1_Channel7_IRQHandler
                0x000000000800032c                CAN1_RX1_IRQHandler
                0x000000000800032c                UART5_IRQHandler
                0x000000000800032c                ADC3_IRQHandler
                0x000000000800032c                TIM4_IRQHandler
                0x000000000800032c                DMA2_Channel1_IRQHandler
                0x000000000800032c                I2C1_EV_IRQHandler
                0x000000000800032c                DMA1_Channel6_IRQHandler
                0x000000000800032c                UART4_IRQHandler
                0x000000000800032c                DMA2_Channel4_IRQHandler
                0x000000000800032c                TIM3_IRQHandler
                0x000000000800032c                RCC_IRQHandler
                0x000000000800032c                DMA1_Channel1_IRQHandler
                0x000000000800032c                Default_Handler
                0x000000000800032c                USBWakeUp_RMP_IRQHandler
                0x000000000800032c                EXTI15_10_IRQHandler
                0x000000000800032c                TIM7_IRQHandler
                0x000000000800032c                EXTI9_5_IRQHandler
                0x000000000800032c                TAMPER_STAMP_IRQHandler
                0x000000000800032c                RTC_WKUP_IRQHandler
                0x000000000800032c                SPI2_IRQHandler
                0x000000000800032c                DMA2_Channel5_IRQHandler
                0x000000000800032c                DMA1_Channel5_IRQHandler
                0x000000000800032c                USB_LP_IRQHandler
                0x000000000800032c                EXTI4_IRQHandler
                0x000000000800032c                USB_LP_CAN1_RX0_IRQHandler
                0x000000000800032c                TIM1_TRG_COM_TIM17_IRQHandler
                0x000000000800032c                USB_HP_CAN1_TX_IRQHandler
                0x000000000800032c                DMA1_Channel3_IRQHandler
                0x000000000800032c                ADC4_IRQHandler
                0x000000000800032c                WWDG_IRQHandler
                0x000000000800032c                TIM2_IRQHandler
                0x000000000800032c                COMP7_IRQHandler
                0x000000000800032c                COMP1_2_3_IRQHandler
                0x000000000800032c                EXTI1_IRQHandler
                0x000000000800032c                USART2_IRQHandler
                0x000000000800032c                COMP4_5_6_IRQHandler
                0x000000000800032c                I2C2_ER_IRQHandler
                0x000000000800032c                DMA1_Channel2_IRQHandler
                0x000000000800032c                TIM8_BRK_IRQHandler
                0x000000000800032c                CAN1_SCE_IRQHandler
                0x000000000800032c                FLASH_IRQHandler
                0x000000000800032c                SPI3_IRQHandler
                0x000000000800032c                I2C1_ER_IRQHandler
                0x000000000800032c                USBWakeUp_IRQHandler
                0x000000000800032c                DMA2_Channel3_IRQHandler
                0x000000000800032c                RTC_Alarm_IRQHandler

.inits          0x0000000008000330       0x28
                0x0000000008000330                __data_regions_array_start = .
                0x0000000008000330        0x4 LONG 0x80020bc LOADADDR (.data)
                0x0000000008000334        0x4 LONG 0x20000000 ADDR (.data)
                0x0000000008000338        0x4 LONG 0x20000054 (ADDR (.data) + SIZEOF (.data))
                0x000000000800033c        0x4 LONG 0x80020bc LOADADDR (.data_CCMRAM)
                0x0000000008000340        0x4 LONG 0x10000000 ADDR (.data_CCMRAM)
                0x0000000008000344        0x4 LONG 0x10000000 (ADDR (.data_CCMRAM) + SIZEOF (.data_CCMRAM))
                0x0000000008000348                __data_regions_array_end = .
                0x0000000008000348                __bss_regions_array_start = .
                0x0000000008000348        0x4 LONG 0x20000058 ADDR (.bss)
                0x000000000800034c        0x4 LONG 0x2000232c (ADDR (.bss) + SIZEOF (.bss))
                0x0000000008000350        0x4 LONG 0x10000000 ADDR (.bss_CCMRAM)
                0x0000000008000354        0x4 LONG 0x10000000 (ADDR (.bss_CCMRAM) + SIZEOF (.bss_CCMRAM))
                0x0000000008000358                __bss_regions_array_end = .
 *(.init)
 *(.fini)
                0x0000000008000358                . = ALIGN (0x4)
                0x0000000008000358                PROVIDE (__preinit_array_start, .)
 *(.preinit_array_sysinit .preinit_array_sysinit.*)
 *(.preinit_array_platform .preinit_array_platform.*)
 *(.preinit_array .preinit_array.*)
                0x0000000008000358                PROVIDE (__preinit_array_end, .)
                0x0000000008000358                . = ALIGN (0x4)
                0x0000000008000358                PROVIDE (__init_array_start, .)
 *(SORT(.init_array.*))
 *(.init_array)
                0x0000000008000358                PROVIDE (__init_array_end, .)
                0x0000000008000358                . = ALIGN (0x4)
                0x0000000008000358                PROVIDE (__fini_array_start, .)
 *(SORT(.fini_array.*))
 *(.fini_array)
                0x0000000008000358                PROVIDE (__fini_array_end, .)

.flashtext
 *(.flashtext .flashtext.*)

.text           0x0000000008000358     0x1d64
 *(.text .text.*)
 .text.EXTI_Init
                0x0000000008000358      0x114 ./system/src/stm32f3-stdperiph/stm32f30x_exti.o
                0x0000000008000358                EXTI_Init
 .text.EXTI_GetITStatus
                0x000000000800046c       0x34 ./system/src/stm32f3-stdperiph/stm32f30x_exti.o
                0x000000000800046c                EXTI_GetITStatus
 .text.EXTI_ClearITPendingBit
                0x00000000080004a0       0x18 ./system/src/stm32f3-stdperiph/stm32f30x_exti.o
                0x00000000080004a0                EXTI_ClearITPendingBit
 .text.FLASH_SetLatency
                0x00000000080004b8       0x14 ./system/src/stm32f3-stdperiph/stm32f30x_flash.o
                0x00000000080004b8                FLASH_SetLatency
 .text.GPIO_Init
                0x00000000080004cc       0x8c ./system/src/stm32f3-stdperiph/stm32f30x_gpio.o
                0x00000000080004cc                GPIO_Init
 .text.GPIO_SetBits
                0x0000000008000558        0x4 ./system/src/stm32f3-stdperiph/stm32f30x_gpio.o
                0x0000000008000558                GPIO_SetBits
 .text.GPIO_ResetBits
                0x000000000800055c        0x4 ./system/src/stm32f3-stdperiph/stm32f30x_gpio.o
                0x000000000800055c                GPIO_ResetBits
 .text.GPIO_PinAFConfig
                0x0000000008000560       0x30 ./system/src/stm32f3-stdperiph/stm32f30x_gpio.o
                0x0000000008000560                GPIO_PinAFConfig
 .text.I2C_DeInit
                0x0000000008000590       0x38 ./system/src/stm32f3-stdperiph/stm32f30x_i2c.o
                0x0000000008000590                I2C_DeInit
 .text.I2C_Init
                0x00000000080005c8       0x64 ./system/src/stm32f3-stdperiph/stm32f30x_i2c.o
                0x00000000080005c8                I2C_Init
 .text.I2C_Cmd  0x000000000800062c       0x18 ./system/src/stm32f3-stdperiph/stm32f30x_i2c.o
                0x000000000800062c                I2C_Cmd
 .text.I2C_TransferHandling
                0x0000000008000644       0x30 ./system/src/stm32f3-stdperiph/stm32f30x_i2c.o
                0x0000000008000644                I2C_TransferHandling
 .text.I2C_SendData
                0x0000000008000674        0x4 ./system/src/stm32f3-stdperiph/stm32f30x_i2c.o
                0x0000000008000674                I2C_SendData
 .text.I2C_ReceiveData
                0x0000000008000678        0x8 ./system/src/stm32f3-stdperiph/stm32f30x_i2c.o
                0x0000000008000678                I2C_ReceiveData
 .text.I2C_GetFlagStatus
                0x0000000008000680       0x10 ./system/src/stm32f3-stdperiph/stm32f30x_i2c.o
                0x0000000008000680                I2C_GetFlagStatus
 .text.IWDG_ReloadCounter
                0x0000000008000690       0x10 ./system/src/stm32f3-stdperiph/stm32f30x_iwdg.o
                0x0000000008000690                IWDG_ReloadCounter
 .text.NVIC_Init
                0x00000000080006a0       0x70 ./system/src/stm32f3-stdperiph/stm32f30x_misc.o
                0x00000000080006a0                NVIC_Init
 .text.PWR_WakeUpPinCmd
                0x0000000008000710       0x1c ./system/src/stm32f3-stdperiph/stm32f30x_pwr.o
                0x0000000008000710                PWR_WakeUpPinCmd
 .text.PWR_EnterSTANDBYMode
                0x000000000800072c       0x28 ./system/src/stm32f3-stdperiph/stm32f30x_pwr.o
                0x000000000800072c                PWR_EnterSTANDBYMode
 .text.RCC_DeInit
                0x0000000008000754       0x54 ./system/src/stm32f3-stdperiph/stm32f30x_rcc.o
                0x0000000008000754                RCC_DeInit
 .text.RCC_HSEConfig
                0x00000000080007a8       0x10 ./system/src/stm32f3-stdperiph/stm32f30x_rcc.o
                0x00000000080007a8                RCC_HSEConfig
 .text.RCC_PLLConfig
                0x00000000080007b8       0x18 ./system/src/stm32f3-stdperiph/stm32f30x_rcc.o
                0x00000000080007b8                RCC_PLLConfig
 .text.RCC_PLLCmd
                0x00000000080007d0        0xc ./system/src/stm32f3-stdperiph/stm32f30x_rcc.o
                0x00000000080007d0                RCC_PLLCmd
 .text.RCC_PREDIV1Config
                0x00000000080007dc       0x14 ./system/src/stm32f3-stdperiph/stm32f30x_rcc.o
                0x00000000080007dc                RCC_PREDIV1Config
 .text.RCC_SYSCLKConfig
                0x00000000080007f0       0x14 ./system/src/stm32f3-stdperiph/stm32f30x_rcc.o
                0x00000000080007f0                RCC_SYSCLKConfig
 .text.RCC_GetSYSCLKSource
                0x0000000008000804       0x10 ./system/src/stm32f3-stdperiph/stm32f30x_rcc.o
                0x0000000008000804                RCC_GetSYSCLKSource
 .text.RCC_HCLKConfig
                0x0000000008000814       0x14 ./system/src/stm32f3-stdperiph/stm32f30x_rcc.o
                0x0000000008000814                RCC_HCLKConfig
 .text.RCC_PCLK1Config
                0x0000000008000828       0x14 ./system/src/stm32f3-stdperiph/stm32f30x_rcc.o
                0x0000000008000828                RCC_PCLK1Config
 .text.RCC_PCLK2Config
                0x000000000800083c       0x14 ./system/src/stm32f3-stdperiph/stm32f30x_rcc.o
                0x000000000800083c                RCC_PCLK2Config
 .text.RCC_GetClocksFreq
                0x0000000008000850      0x2c4 ./system/src/stm32f3-stdperiph/stm32f30x_rcc.o
                0x0000000008000850                RCC_GetClocksFreq
 .text.RCC_I2CCLKConfig
                0x0000000008000b14       0x28 ./system/src/stm32f3-stdperiph/stm32f30x_rcc.o
                0x0000000008000b14                RCC_I2CCLKConfig
 .text.RCC_AHBPeriphClockCmd
                0x0000000008000b3c       0x1c ./system/src/stm32f3-stdperiph/stm32f30x_rcc.o
                0x0000000008000b3c                RCC_AHBPeriphClockCmd
 .text.RCC_APB2PeriphClockCmd
                0x0000000008000b58       0x1c ./system/src/stm32f3-stdperiph/stm32f30x_rcc.o
                0x0000000008000b58                RCC_APB2PeriphClockCmd
 .text.RCC_APB1PeriphClockCmd
                0x0000000008000b74       0x1c ./system/src/stm32f3-stdperiph/stm32f30x_rcc.o
                0x0000000008000b74                RCC_APB1PeriphClockCmd
 .text.RCC_APB1PeriphResetCmd
                0x0000000008000b90       0x1c ./system/src/stm32f3-stdperiph/stm32f30x_rcc.o
                0x0000000008000b90                RCC_APB1PeriphResetCmd
 .text.RCC_GetFlagStatus
                0x0000000008000bac       0x3c ./system/src/stm32f3-stdperiph/stm32f30x_rcc.o
                0x0000000008000bac                RCC_GetFlagStatus
 .text.RCC_WaitForHSEStartUp
                0x0000000008000be8       0x34 ./system/src/stm32f3-stdperiph/stm32f30x_rcc.o
                0x0000000008000be8                RCC_WaitForHSEStartUp
 .text.SYSCFG_EXTILineConfig
                0x0000000008000c1c       0x34 ./system/src/stm32f3-stdperiph/stm32f30x_syscfg.o
                0x0000000008000c1c                SYSCFG_EXTILineConfig
 .text.USART_Init
                0x0000000008000c50       0xc8 ./system/src/stm32f3-stdperiph/stm32f30x_usart.o
                0x0000000008000c50                USART_Init
 .text.USART_Cmd
                0x0000000008000d18       0x18 ./system/src/stm32f3-stdperiph/stm32f30x_usart.o
                0x0000000008000d18                USART_Cmd
 .text.USART_SendData
                0x0000000008000d30        0x8 ./system/src/stm32f3-stdperiph/stm32f30x_usart.o
                0x0000000008000d30                USART_SendData
 .text.USART_ReceiveData
                0x0000000008000d38        0x8 ./system/src/stm32f3-stdperiph/stm32f30x_usart.o
                0x0000000008000d38                USART_ReceiveData
 .text.USART_ITConfig
                0x0000000008000d40       0x34 ./system/src/stm32f3-stdperiph/stm32f30x_usart.o
                0x0000000008000d40                USART_ITConfig
 .text.USART_GetFlagStatus
                0x0000000008000d74       0x10 ./system/src/stm32f3-stdperiph/stm32f30x_usart.o
                0x0000000008000d74                USART_GetFlagStatus
 .text.USART_GetITStatus
                0x0000000008000d84       0x44 ./system/src/stm32f3-stdperiph/stm32f30x_usart.o
                0x0000000008000d84                USART_GetITStatus
 .text._exit    0x0000000008000dc8        0x4 ./system/src/newlib/_exit.o
                0x0000000008000dc8                _exit
 .text.__initialize_args
                0x0000000008000dcc       0x10 ./system/src/newlib/_syscalls.o
                0x0000000008000dcc                __initialize_args
 .text.__initialize_hardware_early
                0x0000000008000ddc       0x18 ./system/src/cortexm/_initialize_hardware.o
                0x0000000008000ddc                __initialize_hardware_early
 .text.__initialize_hardware
                0x0000000008000df4        0x8 ./system/src/cortexm/_initialize_hardware.o
                0x0000000008000df4                __initialize_hardware
 .text.SetSysClock
                0x0000000008000dfc       0xb0 ./system/src/cmsis/system_stm32f30x.o
 .text.SystemInit
                0x0000000008000eac       0x64 ./system/src/cmsis/system_stm32f30x.o
                0x0000000008000eac                SystemInit
 .text.SystemCoreClockUpdate
                0x0000000008000f10       0x8c ./system/src/cmsis/system_stm32f30x.o
                0x0000000008000f10                SystemCoreClockUpdate
 .text.pvPortMalloc
                0x0000000008000f9c       0xbc ./src/FreeRTOS/heap_2.o
                0x0000000008000f9c                pvPortMalloc
 .text.vPortFree
                0x0000000008001058       0x44 ./src/FreeRTOS/heap_2.o
                0x0000000008001058                vPortFree
 .text.vListInitialise
                0x000000000800109c       0x18 ./src/FreeRTOS/list.o
                0x000000000800109c                vListInitialise
 .text.vListInitialiseItem
                0x00000000080010b4        0x8 ./src/FreeRTOS/list.o
                0x00000000080010b4                vListInitialiseItem
 .text.vListInsertEnd
                0x00000000080010bc       0x1c ./src/FreeRTOS/list.o
                0x00000000080010bc                vListInsertEnd
 .text.vListInsert
                0x00000000080010d8       0x38 ./src/FreeRTOS/list.o
                0x00000000080010d8                vListInsert
 .text.vListRemove
                0x0000000008001110       0x24 ./src/FreeRTOS/list.o
                0x0000000008001110                vListRemove
 .text.prvSetupTimerInterrupt
                0x0000000008001134       0x14 ./src/FreeRTOS/port.o
 .text.pxPortInitialiseStack
                0x0000000008001148       0x1c ./src/FreeRTOS/port.o
                0x0000000008001148                pxPortInitialiseStack
 .text.SVC_Handler
                0x0000000008001164       0x20 ./src/FreeRTOS/port.o
                0x0000000008001164                SVC_Handler
 .text.vPortStartFirstTask
                0x0000000008001184       0x10 ./src/FreeRTOS/port.o
                0x0000000008001184                vPortStartFirstTask
 .text.xPortStartScheduler
                0x0000000008001194       0x30 ./src/FreeRTOS/port.o
                0x0000000008001194                xPortStartScheduler
 .text.vPortYieldFromISR
                0x00000000080011c4       0x10 ./src/FreeRTOS/port.o
                0x00000000080011c4                vPortYieldFromISR
 .text.vPortEnterCritical
                0x00000000080011d4       0x18 ./src/FreeRTOS/port.o
                0x00000000080011d4                vPortEnterCritical
 .text.vPortExitCritical
                0x00000000080011ec       0x18 ./src/FreeRTOS/port.o
                0x00000000080011ec                vPortExitCritical
 .text.PendSV_Handler
                0x0000000008001204       0x3c ./src/FreeRTOS/port.o
                0x0000000008001204                PendSV_Handler
 .text.SysTick_Handler
                0x0000000008001240       0x24 ./src/FreeRTOS/port.o
                0x0000000008001240                SysTick_Handler
 .text.prvDeleteTCB
                0x0000000008001264       0x14 ./src/FreeRTOS/tasks.o
 .text.prvAllocateTCBAndStack
                0x0000000008001278       0x38 ./src/FreeRTOS/tasks.o
 .text.prvInitialiseTCBVariables
                0x00000000080012b0       0x38 ./src/FreeRTOS/tasks.o
 .text.prvInitialiseTaskLists
                0x00000000080012e8       0x68 ./src/FreeRTOS/tasks.o
 .text.xTaskGenericCreate
                0x0000000008001350       0xf8 ./src/FreeRTOS/tasks.o
                0x0000000008001350                xTaskGenericCreate
 .text.vTaskStartScheduler
                0x0000000008001448       0x4c ./src/FreeRTOS/tasks.o
                0x0000000008001448                vTaskStartScheduler
 .text.vTaskSuspendAll
                0x0000000008001494       0x10 ./src/FreeRTOS/tasks.o
                0x0000000008001494                vTaskSuspendAll
 .text.vTaskIncrementTick
                0x00000000080014a4       0xac ./src/FreeRTOS/tasks.o
                0x00000000080014a4                vTaskIncrementTick
 .text.xTaskResumeAll
                0x0000000008001550       0xd8 ./src/FreeRTOS/tasks.o
                0x0000000008001550                xTaskResumeAll
 .text.vTaskDelay
                0x0000000008001628       0x60 ./src/FreeRTOS/tasks.o
                0x0000000008001628                vTaskDelay
 .text.prvCheckTasksWaitingTermination
                0x0000000008001688       0x5c ./src/FreeRTOS/tasks.o
 .text.prvIdleTask
                0x00000000080016e4       0x18 ./src/FreeRTOS/tasks.o
 .text.vTaskSwitchContext
                0x00000000080016fc       0x84 ./src/FreeRTOS/tasks.o
                0x00000000080016fc                vTaskSwitchContext
 .text.app      0x0000000008001780      0x20c ./src/app.o
                0x0000000008001780                app
 .text.kx122_init
                0x000000000800198c      0x13c ./src/kx122.o
                0x000000000800198c                kx122_init
 .text.kx122_read
                0x0000000008001ac8       0x68 ./src/kx122.o
                0x0000000008001ac8                kx122_read
 .text.kx122_write
                0x0000000008001b30       0x68 ./src/kx122.o
                0x0000000008001b30                kx122_write
 .text.EXTI0_IRQHandler
                0x0000000008001b98       0x54 ./src/kx122.o
                0x0000000008001b98                EXTI0_IRQHandler
 .text.SetSysClockTo8
                0x0000000008001bec       0x68 ./src/main.o
                0x0000000008001bec                SetSysClockTo8
 .text.main     0x0000000008001c54       0x4c ./src/main.o
                0x0000000008001c54                main
 .text.rn2483_init
                0x0000000008001ca0       0xf4 ./src/rn2483.o
                0x0000000008001ca0                rn2483_init
 .text.rn2483_write
                0x0000000008001d94       0x30 ./src/rn2483.o
                0x0000000008001d94                rn2483_write
 .text.rn2483_join
                0x0000000008001dc4       0xf8 ./src/rn2483.o
                0x0000000008001dc4                rn2483_join
 .text.rn2483_sleep
                0x0000000008001ebc       0x18 ./src/rn2483.o
                0x0000000008001ebc                rn2483_sleep
 .text.USART1_IRQHandler
                0x0000000008001ed4       0x30 ./src/rn2483.o
                0x0000000008001ed4                USART1_IRQHandler
 .text.memcpy   0x0000000008001f04       0x16 /Users/peterbruce/gcc-arm-none-eabi-4_9-2015q3/bin/../lib/gcc/arm-none-eabi/4.9.3/../../../../arm-none-eabi/lib/armv7e-m/libg_nano.a(lib_a-memcpy.o)
                0x0000000008001f04                memcpy
 .text.memset   0x0000000008001f1a       0x10 /Users/peterbruce/gcc-arm-none-eabi-4_9-2015q3/bin/../lib/gcc/arm-none-eabi/4.9.3/../../../../arm-none-eabi/lib/armv7e-m/libg_nano.a(lib_a-memset.o)
                0x0000000008001f1a                memset
 .text.strcat   0x0000000008001f2a       0x1e /Users/peterbruce/gcc-arm-none-eabi-4_9-2015q3/bin/../lib/gcc/arm-none-eabi/4.9.3/../../../../arm-none-eabi/lib/armv7e-m/libg_nano.a(lib_a-strcat.o)
                0x0000000008001f2a                strcat
 .text.strcpy   0x0000000008001f48       0x10 /Users/peterbruce/gcc-arm-none-eabi-4_9-2015q3/bin/../lib/gcc/arm-none-eabi/4.9.3/../../../../arm-none-eabi/lib/armv7e-m/libg_nano.a(lib_a-strcpy.o)
                0x0000000008001f48                strcpy
 .text.strncat  0x0000000008001f58       0x28 /Users/peterbruce/gcc-arm-none-eabi-4_9-2015q3/bin/../lib/gcc/arm-none-eabi/4.9.3/../../../../arm-none-eabi/lib/armv7e-m/libg_nano.a(lib_a-strncat.o)
                0x0000000008001f58                strncat
 .text.strncpy  0x0000000008001f80       0x24 /Users/peterbruce/gcc-arm-none-eabi-4_9-2015q3/bin/../lib/gcc/arm-none-eabi/4.9.3/../../../../arm-none-eabi/lib/armv7e-m/libg_nano.a(lib_a-strncpy.o)
                0x0000000008001f80                strncpy
 *(.rodata .rodata.* .constdata .constdata.*)
 .rodata.str1.4
                0x0000000008001fa4        0x5 ./src/FreeRTOS/tasks.o
 *fill*         0x0000000008001fa9        0x3 
 .rodata.str1.4
                0x0000000008001fac       0x47 ./src/app.o
 *fill*         0x0000000008001ff3        0x1 
 .rodata.str1.4
                0x0000000008001ff4        0x4 ./src/main.o
 .rodata.str1.4
                0x0000000008001ff8       0xc4 ./src/rn2483.o
                                         0xc7 (size before relaxing)
 *(vtable)
 *(.eh_frame*)
 *(.glue_7)
 .glue_7        0x0000000000000000        0x0 linker stubs
 *(.glue_7t)
 .glue_7t       0x0000000000000000        0x0 linker stubs

.vfp11_veneer   0x00000000080020bc        0x0
 .vfp11_veneer  0x0000000000000000        0x0 linker stubs

.v4_bx          0x00000000080020bc        0x0
 .v4_bx         0x0000000000000000        0x0 linker stubs

.iplt           0x00000000080020bc        0x0
 .iplt          0x0000000000000000        0x0 ./system/src/stm32f3-stdperiph/stm32f30x_exti.o

.rel.dyn        0x00000000080020bc        0x0
 .rel.iplt      0x0000000000000000        0x0 ./system/src/stm32f3-stdperiph/stm32f30x_exti.o

.ARM.extab
 *(.ARM.extab* .gnu.linkonce.armextab.*)
                0x00000000080020bc                . = ALIGN (0x4)
                0x00000000080020bc                __exidx_start = .

.ARM.exidx
 *(.ARM.exidx* .gnu.linkonce.armexidx.*)
                0x00000000080020bc                __exidx_end = .
                0x00000000080020bc                . = ALIGN (0x4)
                0x00000000080020bc                _etext = .
                0x00000000080020bc                __etext = .

.data_CCMRAM    0x0000000010000000        0x0 load address 0x00000000080020bc
 FILL mask 0xff
 *(.data.CCMRAM .data.CCMRAM.*)
                0x0000000010000000                . = ALIGN (0x4)
                0x00000000080020bc                _sidata = LOADADDR (.data)

.data           0x0000000020000000       0x54 load address 0x00000000080020bc
 FILL mask 0xff
                0x0000000020000000                _sdata = .
                0x0000000020000000                __data_start__ = .
 *(.data_begin .data_begin.*)
 .data_begin    0x0000000020000000        0x4 ./system/src/newlib/_startup.o
 *(.data .data.*)
 .data.ADCPrescTable
                0x0000000020000004       0x1a ./system/src/stm32f3-stdperiph/stm32f30x_rcc.o
 *fill*         0x000000002000001e        0x2 
 .data.APBAHBPrescTable
                0x0000000020000020       0x10 ./system/src/stm32f3-stdperiph/stm32f30x_rcc.o
 .data.argv.4161
                0x0000000020000030        0x8 ./system/src/newlib/_syscalls.o
 .data.AHBPrescTable
                0x0000000020000038       0x10 ./system/src/cmsis/system_stm32f30x.o
                0x0000000020000038                AHBPrescTable
 .data.SystemCoreClock
                0x0000000020000048        0x4 ./system/src/cmsis/system_stm32f30x.o
                0x0000000020000048                SystemCoreClock
 .data.uxCriticalNesting
                0x000000002000004c        0x4 ./src/FreeRTOS/port.o
 *(.data_end .data_end.*)
 .data_end      0x0000000020000050        0x4 ./system/src/newlib/_startup.o
                0x0000000020000054                . = ALIGN (0x4)
                0x0000000020000054                _edata = .
                0x0000000020000054                __data_end__ = .

.igot.plt       0x0000000020000054        0x0 load address 0x0000000008002110
 .igot.plt      0x0000000000000000        0x0 ./system/src/stm32f3-stdperiph/stm32f30x_exti.o

.bss_CCMRAM     0x0000000010000000        0x0
 *(.bss.CCMRAM .bss.CCMRAM.*)

.bss            0x0000000020000058     0x22d4
                0x0000000020000058                __bss_start__ = .
                0x0000000020000058                _sbss = .
 *(.bss_begin .bss_begin.*)
 .bss_begin     0x0000000020000058        0x4 ./system/src/newlib/_startup.o
 *(.bss .bss.*)
 .bss.name.4160
                0x000000002000005c        0x1 ./system/src/newlib/_syscalls.o
 *fill*         0x000000002000005d        0x3 
 .bss.xHeapHasBeenInitialised.4408
                0x0000000020000060        0x4 ./src/FreeRTOS/heap_2.o
 *fill*         0x0000000020000064        0x4 
 .bss.xHeap     0x0000000020000068     0x2000 ./src/FreeRTOS/heap_2.o
 .bss.xFreeBytesRemaining
                0x0000000020002068        0x4 ./src/FreeRTOS/heap_2.o
 .bss.xStart    0x000000002000206c        0x8 ./src/FreeRTOS/heap_2.o
 .bss.xEnd      0x0000000020002074        0x8 ./src/FreeRTOS/heap_2.o
 .bss.uxMissedTicks
                0x000000002000207c        0x4 ./src/FreeRTOS/tasks.o
 .bss.pxDelayedTaskList
                0x0000000020002080        0x4 ./src/FreeRTOS/tasks.o
 .bss.xSchedulerRunning
                0x0000000020002084        0x4 ./src/FreeRTOS/tasks.o
 .bss.uxTasksDeleted
                0x0000000020002088        0x4 ./src/FreeRTOS/tasks.o
 .bss.xTasksWaitingTermination
                0x000000002000208c       0x14 ./src/FreeRTOS/tasks.o
 .bss.pxReadyTasksLists
                0x00000000200020a0       0xc8 ./src/FreeRTOS/tasks.o
 .bss.uxSchedulerSuspended
                0x0000000020002168        0x4 ./src/FreeRTOS/tasks.o
 .bss.uxCurrentNumberOfTasks
                0x000000002000216c        0x4 ./src/FreeRTOS/tasks.o
 .bss.pxCurrentTCB
                0x0000000020002170        0x4 ./src/FreeRTOS/tasks.o
                0x0000000020002170                pxCurrentTCB
 .bss.xPendingReadyList
                0x0000000020002174       0x14 ./src/FreeRTOS/tasks.o
 .bss.xNumOfOverflows
                0x0000000020002188        0x4 ./src/FreeRTOS/tasks.o
 .bss.xTickCount
                0x000000002000218c        0x4 ./src/FreeRTOS/tasks.o
 .bss.pxOverflowDelayedTaskList
                0x0000000020002190        0x4 ./src/FreeRTOS/tasks.o
 .bss.uxTopReadyPriority
                0x0000000020002194        0x4 ./src/FreeRTOS/tasks.o
 .bss.uxTaskNumber
                0x0000000020002198        0x4 ./src/FreeRTOS/tasks.o
 .bss.xDelayedTaskList1
                0x000000002000219c       0x14 ./src/FreeRTOS/tasks.o
 .bss.xDelayedTaskList2
                0x00000000200021b0       0x14 ./src/FreeRTOS/tasks.o
 .bss.xMissedYield
                0x00000000200021c4        0x4 ./src/FreeRTOS/tasks.o
 .bss.xSuspendedTaskList
                0x00000000200021c8       0x14 ./src/FreeRTOS/tasks.o
 .bss.uxTopUsedPriority
                0x00000000200021dc        0x4 ./src/FreeRTOS/tasks.o
 *(COMMON)
 COMMON         0x00000000200021e0      0x145 ./src/app.o
                0x00000000200021e0                x
                0x00000000200021e1                f
                0x00000000200021e2                seismic
                0x00000000200021e3                tilt
                0x00000000200021e4                _flash
                0x0000000020002208                active
                0x0000000020002209                ins2
                0x000000002000220a                z
                0x000000002000220b                y
                0x000000002000220c                d
                0x0000000020002210                _rn2483
                0x0000000020002324                e
 COMMON         0x0000000020002325        0x1 ./src/main.o
                0x0000000020002325                HSEStartUpStatus
 *(.bss_end .bss_end.*)
 *fill*         0x0000000020002326        0x2 
 .bss_end       0x0000000020002328        0x4 ./system/src/newlib/_startup.o
                0x000000002000232c                . = ALIGN (0x4)
                0x000000002000232c                __bss_end__ = .
                0x000000002000232c                _ebss = .

.noinit_CCMRAM
 *(.noinit.CCMRAM .noinit.CCMRAM.*)

.noinit         0x000000002000232c        0x0
                0x000000002000232c                _noinit = .
 *(.noinit .noinit.*)
                0x000000002000232c                . = ALIGN (0x4)
                0x000000002000232c                _end_noinit = .
                0x000000002000232c                PROVIDE (end, _end_noinit)
                0x000000002000232c                PROVIDE (_end, _end_noinit)
                0x000000002000232c                PROVIDE (__end, _end_noinit)
                0x000000002000232c                PROVIDE (__end__, _end_noinit)

._check_stack   0x000000002000232c      0x100
                0x000000002000242c                . = (. + _Minimum_Stack_Size)
 *fill*         0x000000002000232c      0x100 

.b1text
 *(.b1text)
 *(.b1rodata)
 *(.b1rodata.*)

.eb0text
 *(.eb0text)
 *(.eb0rodata)
 *(.eb0rodata.*)

.eb1text
 *(.eb1text)
 *(.eb1rodata)
 *(.eb1rodata.*)

.eb2text
 *(.eb2text)
 *(.eb2rodata)
 *(.eb2rodata.*)

.eb3text
 *(.eb3text)
 *(.eb3rodata)
 *(.eb3rodata.*)

.stab
 *(.stab)

.stabstr
 *(.stabstr)

.stab.excl
 *(.stab.excl)

.stab.exclstr
 *(.stab.exclstr)

.stab.index
 *(.stab.index)

.stab.indexstr
 *(.stab.indexstr)

.comment        0x0000000000000000       0x70
 *(.comment)
 .comment       0x0000000000000000       0x70 ./system/src/stm32f3-stdperiph/stm32f30x_exti.o
                                         0x71 (size before relaxing)
 .comment       0x0000000000000000       0x71 ./system/src/stm32f3-stdperiph/stm32f30x_flash.o
 .comment       0x0000000000000000       0x71 ./system/src/stm32f3-stdperiph/stm32f30x_gpio.o
 .comment       0x0000000000000000       0x71 ./system/src/stm32f3-stdperiph/stm32f30x_i2c.o
 .comment       0x0000000000000000       0x71 ./system/src/stm32f3-stdperiph/stm32f30x_iwdg.o
 .comment       0x0000000000000000       0x71 ./system/src/stm32f3-stdperiph/stm32f30x_misc.o
 .comment       0x0000000000000000       0x71 ./system/src/stm32f3-stdperiph/stm32f30x_pwr.o
 .comment       0x0000000000000000       0x71 ./system/src/stm32f3-stdperiph/stm32f30x_rcc.o
 .comment       0x0000000000000000       0x71 ./system/src/stm32f3-stdperiph/stm32f30x_syscfg.o
 .comment       0x0000000000000000       0x71 ./system/src/stm32f3-stdperiph/stm32f30x_usart.o
 .comment       0x0000000000000000       0x71 ./system/src/newlib/_exit.o
 .comment       0x0000000000000000       0x71 ./system/src/newlib/_startup.o
 .comment       0x0000000000000000       0x71 ./system/src/newlib/_syscalls.o
 .comment       0x0000000000000000       0x71 ./system/src/cortexm/_initialize_hardware.o
 .comment       0x0000000000000000       0x71 ./system/src/cortexm/exception_handlers.o
 .comment       0x0000000000000000       0x71 ./system/src/cmsis/system_stm32f30x.o
 .comment       0x0000000000000000       0x71 ./system/src/cmsis/vectors_stm32f30x.o
 .comment       0x0000000000000000       0x71 ./src/FreeRTOS/heap_2.o
 .comment       0x0000000000000000       0x71 ./src/FreeRTOS/list.o
 .comment       0x0000000000000000       0x71 ./src/FreeRTOS/port.o
 .comment       0x0000000000000000       0x71 ./src/FreeRTOS/tasks.o
 .comment       0x0000000000000000       0x71 ./src/app.o
 .comment       0x0000000000000000       0x71 ./src/kx122.o
 .comment       0x0000000000000000       0x71 ./src/main.o
 .comment       0x0000000000000000       0x71 ./src/rn2483.o

.ARM.attributes
                0x0000000000000000       0x33
 .ARM.attributes
                0x0000000000000000       0x33 ./system/src/stm32f3-stdperiph/stm32f30x_exti.o
 .ARM.attributes
                0x0000000000000033       0x33 ./system/src/stm32f3-stdperiph/stm32f30x_flash.o
 .ARM.attributes
                0x0000000000000066       0x33 ./system/src/stm32f3-stdperiph/stm32f30x_gpio.o
 .ARM.attributes
                0x0000000000000099       0x33 ./system/src/stm32f3-stdperiph/stm32f30x_i2c.o
 .ARM.attributes
                0x00000000000000cc       0x33 ./system/src/stm32f3-stdperiph/stm32f30x_iwdg.o
 .ARM.attributes
                0x00000000000000ff       0x33 ./system/src/stm32f3-stdperiph/stm32f30x_misc.o
 .ARM.attributes
                0x0000000000000132       0x33 ./system/src/stm32f3-stdperiph/stm32f30x_pwr.o
 .ARM.attributes
                0x0000000000000165       0x33 ./system/src/stm32f3-stdperiph/stm32f30x_rcc.o
 .ARM.attributes
                0x0000000000000198       0x33 ./system/src/stm32f3-stdperiph/stm32f30x_syscfg.o
 .ARM.attributes
                0x00000000000001cb       0x33 ./system/src/stm32f3-stdperiph/stm32f30x_usart.o
 .ARM.attributes
                0x00000000000001fe       0x33 ./system/src/newlib/_exit.o
 .ARM.attributes
                0x0000000000000231       0x33 ./system/src/newlib/_startup.o
 .ARM.attributes
                0x0000000000000264       0x33 ./system/src/newlib/_syscalls.o
 .ARM.attributes
                0x0000000000000297       0x33 ./system/src/cortexm/_initialize_hardware.o
 .ARM.attributes
                0x00000000000002ca       0x33 ./system/src/cortexm/exception_handlers.o
 .ARM.attributes
                0x00000000000002fd       0x33 ./system/src/cmsis/system_stm32f30x.o
 .ARM.attributes
                0x0000000000000330       0x33 ./system/src/cmsis/vectors_stm32f30x.o
 .ARM.attributes
                0x0000000000000363       0x33 ./src/FreeRTOS/heap_2.o
 .ARM.attributes
                0x0000000000000396       0x33 ./src/FreeRTOS/list.o
 .ARM.attributes
                0x00000000000003c9       0x33 ./src/FreeRTOS/port.o
 .ARM.attributes
                0x00000000000003fc       0x33 ./src/FreeRTOS/tasks.o
 .ARM.attributes
                0x000000000000042f       0x33 ./src/app.o
 .ARM.attributes
                0x0000000000000462       0x33 ./src/kx122.o
 .ARM.attributes
                0x0000000000000495       0x33 ./src/main.o
 .ARM.attributes
                0x00000000000004c8       0x33 ./src/rn2483.o
 .ARM.attributes
                0x00000000000004fb       0x2e /Users/peterbruce/gcc-arm-none-eabi-4_9-2015q3/bin/../lib/gcc/arm-none-eabi/4.9.3/../../../../arm-none-eabi/lib/armv7e-m/libg_nano.a(lib_a-memcpy.o)
 .ARM.attributes
                0x0000000000000529       0x2e /Users/peterbruce/gcc-arm-none-eabi-4_9-2015q3/bin/../lib/gcc/arm-none-eabi/4.9.3/../../../../arm-none-eabi/lib/armv7e-m/libg_nano.a(lib_a-memset.o)
 .ARM.attributes
                0x0000000000000557       0x2e /Users/peterbruce/gcc-arm-none-eabi-4_9-2015q3/bin/../lib/gcc/arm-none-eabi/4.9.3/../../../../arm-none-eabi/lib/armv7e-m/libg_nano.a(lib_a-strcat.o)
 .ARM.attributes
                0x0000000000000585       0x2e /Users/peterbruce/gcc-arm-none-eabi-4_9-2015q3/bin/../lib/gcc/arm-none-eabi/4.9.3/../../../../arm-none-eabi/lib/armv7e-m/libg_nano.a(lib_a-strcpy.o)
 .ARM.attributes
                0x00000000000005b3       0x2e /Users/peterbruce/gcc-arm-none-eabi-4_9-2015q3/bin/../lib/gcc/arm-none-eabi/4.9.3/../../../../arm-none-eabi/lib/armv7e-m/libg_nano.a(lib_a-strncat.o)
 .ARM.attributes
                0x00000000000005e1       0x2e /Users/peterbruce/gcc-arm-none-eabi-4_9-2015q3/bin/../lib/gcc/arm-none-eabi/4.9.3/../../../../arm-none-eabi/lib/armv7e-m/libg_nano.a(lib_a-strncpy.o)

.debug
 *(.debug)

.line
 *(.line)

.debug_srcinfo
 *(.debug_srcinfo)

.debug_sfnames
 *(.debug_sfnames)

.debug_aranges  0x0000000000000000      0xc00
 *(.debug_aranges)
 .debug_aranges
                0x0000000000000000       0x58 ./system/src/stm32f3-stdperiph/stm32f30x_exti.o
 .debug_aranges
                0x0000000000000058      0x100 ./system/src/stm32f3-stdperiph/stm32f30x_flash.o
 .debug_aranges
                0x0000000000000158       0x80 ./system/src/stm32f3-stdperiph/stm32f30x_gpio.o
 .debug_aranges
                0x00000000000001d8      0x168 ./system/src/stm32f3-stdperiph/stm32f30x_i2c.o
 .debug_aranges
                0x0000000000000340       0x50 ./system/src/stm32f3-stdperiph/stm32f30x_iwdg.o
 .debug_aranges
                0x0000000000000390       0x40 ./system/src/stm32f3-stdperiph/stm32f30x_misc.o
 .debug_aranges
                0x00000000000003d0       0x68 ./system/src/stm32f3-stdperiph/stm32f30x_pwr.o
 .debug_aranges
                0x0000000000000438      0x150 ./system/src/stm32f3-stdperiph/stm32f30x_rcc.o
 .debug_aranges
                0x0000000000000588       0x88 ./system/src/stm32f3-stdperiph/stm32f30x_syscfg.o
 .debug_aranges
                0x0000000000000610      0x1a0 ./system/src/stm32f3-stdperiph/stm32f30x_usart.o
 .debug_aranges
                0x00000000000007b0       0x28 ./system/src/newlib/_exit.o
 .debug_aranges
                0x00000000000007d8       0x40 ./system/src/newlib/_startup.o
 .debug_aranges
                0x0000000000000818       0x30 ./system/src/newlib/_syscalls.o
 .debug_aranges
                0x0000000000000848       0x28 ./system/src/cortexm/_initialize_hardware.o
 .debug_aranges
                0x0000000000000870       0x80 ./system/src/cortexm/exception_handlers.o
 .debug_aranges
                0x00000000000008f0       0x30 ./system/src/cmsis/system_stm32f30x.o
 .debug_aranges
                0x0000000000000920       0x20 ./system/src/cmsis/vectors_stm32f30x.o
 .debug_aranges
                0x0000000000000940       0x38 ./src/FreeRTOS/heap_2.o
 .debug_aranges
                0x0000000000000978       0x40 ./src/FreeRTOS/list.o
 .debug_aranges
                0x00000000000009b8       0x70 ./src/FreeRTOS/port.o
 .debug_aranges
                0x0000000000000a28      0x118 ./src/FreeRTOS/tasks.o
 .debug_aranges
                0x0000000000000b40       0x20 ./src/app.o
 .debug_aranges
                0x0000000000000b60       0x38 ./src/kx122.o
 .debug_aranges
                0x0000000000000b98       0x28 ./src/main.o
 .debug_aranges
                0x0000000000000bc0       0x40 ./src/rn2483.o

.debug_pubnames
 *(.debug_pubnames)

.debug_info     0x0000000000000000     0xa8ca
 *(.debug_info .gnu.linkonce.wi.*)
 .debug_info    0x0000000000000000      0x3af ./system/src/stm32f3-stdperiph/stm32f30x_exti.o
 .debug_info    0x00000000000003af      0xa29 ./system/src/stm32f3-stdperiph/stm32f30x_flash.o
 .debug_info    0x0000000000000dd8      0x72b ./system/src/stm32f3-stdperiph/stm32f30x_gpio.o
 .debug_info    0x0000000000001503      0xc16 ./system/src/stm32f3-stdperiph/stm32f30x_i2c.o
 .debug_info    0x0000000000002119      0x216 ./system/src/stm32f3-stdperiph/stm32f30x_iwdg.o
 .debug_info    0x000000000000232f      0x52a ./system/src/stm32f3-stdperiph/stm32f30x_misc.o
 .debug_info    0x0000000000002859      0x505 ./system/src/stm32f3-stdperiph/stm32f30x_pwr.o
 .debug_info    0x0000000000002d5e      0xac5 ./system/src/stm32f3-stdperiph/stm32f30x_rcc.o
 .debug_info    0x0000000000003823      0x3b7 ./system/src/stm32f3-stdperiph/stm32f30x_syscfg.o
 .debug_info    0x0000000000003bda      0xfdb ./system/src/stm32f3-stdperiph/stm32f30x_usart.o
 .debug_info    0x0000000000004bb5       0xee ./system/src/newlib/_exit.o
 .debug_info    0x0000000000004ca3      0x50f ./system/src/newlib/_startup.o
 .debug_info    0x00000000000051b2      0x1bc ./system/src/newlib/_syscalls.o
 .debug_info    0x000000000000536e      0x294 ./system/src/cortexm/_initialize_hardware.o
 .debug_info    0x0000000000005602      0x2a2 ./system/src/cortexm/exception_handlers.o
 .debug_info    0x00000000000058a4      0x486 ./system/src/cmsis/system_stm32f30x.o
 .debug_info    0x0000000000005d2a       0xd1 ./system/src/cmsis/vectors_stm32f30x.o
 .debug_info    0x0000000000005dfb      0x2f9 ./src/FreeRTOS/heap_2.o
 .debug_info    0x00000000000060f4      0x289 ./src/FreeRTOS/list.o
 .debug_info    0x000000000000637d      0x1ea ./src/FreeRTOS/port.o
 .debug_info    0x0000000000006567     0x141f ./src/FreeRTOS/tasks.o
 .debug_info    0x0000000000007986      0x885 ./src/app.o
 .debug_info    0x000000000000820b      0xe1e ./src/kx122.o
 .debug_info    0x0000000000009029      0xa5d ./src/main.o
 .debug_info    0x0000000000009a86      0xe44 ./src/rn2483.o

.debug_abbrev   0x0000000000000000     0x2765
 *(.debug_abbrev)
 .debug_abbrev  0x0000000000000000      0x18e ./system/src/stm32f3-stdperiph/stm32f30x_exti.o
 .debug_abbrev  0x000000000000018e      0x1e8 ./system/src/stm32f3-stdperiph/stm32f30x_flash.o
 .debug_abbrev  0x0000000000000376      0x1e8 ./system/src/stm32f3-stdperiph/stm32f30x_gpio.o
 .debug_abbrev  0x000000000000055e      0x1c3 ./system/src/stm32f3-stdperiph/stm32f30x_i2c.o
 .debug_abbrev  0x0000000000000721      0x124 ./system/src/stm32f3-stdperiph/stm32f30x_iwdg.o
 .debug_abbrev  0x0000000000000845      0x159 ./system/src/stm32f3-stdperiph/stm32f30x_misc.o
 .debug_abbrev  0x000000000000099e      0x1c6 ./system/src/stm32f3-stdperiph/stm32f30x_pwr.o
 .debug_abbrev  0x0000000000000b64      0x20e ./system/src/stm32f3-stdperiph/stm32f30x_rcc.o
 .debug_abbrev  0x0000000000000d72      0x1a4 ./system/src/stm32f3-stdperiph/stm32f30x_syscfg.o
 .debug_abbrev  0x0000000000000f16      0x1b6 ./system/src/stm32f3-stdperiph/stm32f30x_usart.o
 .debug_abbrev  0x00000000000010cc       0xb7 ./system/src/newlib/_exit.o
 .debug_abbrev  0x0000000000001183      0x211 ./system/src/newlib/_startup.o
 .debug_abbrev  0x0000000000001394       0xee ./system/src/newlib/_syscalls.o
 .debug_abbrev  0x0000000000001482       0xea ./system/src/cortexm/_initialize_hardware.o
 .debug_abbrev  0x000000000000156c      0x127 ./system/src/cortexm/exception_handlers.o
 .debug_abbrev  0x0000000000001693      0x13d ./system/src/cmsis/system_stm32f30x.o
 .debug_abbrev  0x00000000000017d0       0x9d ./system/src/cmsis/vectors_stm32f30x.o
 .debug_abbrev  0x000000000000186d      0x1af ./src/FreeRTOS/heap_2.o
 .debug_abbrev  0x0000000000001a1c       0xce ./src/FreeRTOS/list.o
 .debug_abbrev  0x0000000000001aea      0x12e ./src/FreeRTOS/port.o
 .debug_abbrev  0x0000000000001c18      0x277 ./src/FreeRTOS/tasks.o
 .debug_abbrev  0x0000000000001e8f      0x1c9 ./src/app.o
 .debug_abbrev  0x0000000000002058      0x23b ./src/kx122.o
 .debug_abbrev  0x0000000000002293      0x282 ./src/main.o
 .debug_abbrev  0x0000000000002515      0x250 ./src/rn2483.o

.debug_line     0x0000000000000000     0x6eaf
 *(.debug_line)
 .debug_line    0x0000000000000000      0x3f3 ./system/src/stm32f3-stdperiph/stm32f30x_exti.o
 .debug_line    0x00000000000003f3      0x5dc ./system/src/stm32f3-stdperiph/stm32f30x_flash.o
 .debug_line    0x00000000000009cf      0x45e ./system/src/stm32f3-stdperiph/stm32f30x_gpio.o
 .debug_line    0x0000000000000e2d      0x68e ./system/src/stm32f3-stdperiph/stm32f30x_i2c.o
 .debug_line    0x00000000000014bb      0x3b3 ./system/src/stm32f3-stdperiph/stm32f30x_iwdg.o
 .debug_line    0x000000000000186e      0x3a5 ./system/src/stm32f3-stdperiph/stm32f30x_misc.o
 .debug_line    0x0000000000001c13      0x40d ./system/src/stm32f3-stdperiph/stm32f30x_pwr.o
 .debug_line    0x0000000000002020      0x6ba ./system/src/stm32f3-stdperiph/stm32f30x_rcc.o
 .debug_line    0x00000000000026da      0x442 ./system/src/stm32f3-stdperiph/stm32f30x_syscfg.o
 .debug_line    0x0000000000002b1c      0x720 ./system/src/stm32f3-stdperiph/stm32f30x_usart.o
 .debug_line    0x000000000000323c      0x2a1 ./system/src/newlib/_exit.o
 .debug_line    0x00000000000034dd      0x324 ./system/src/newlib/_startup.o
 .debug_line    0x0000000000003801      0x378 ./system/src/newlib/_syscalls.o
 .debug_line    0x0000000000003b79      0x369 ./system/src/cortexm/_initialize_hardware.o
 .debug_line    0x0000000000003ee2      0x5dc ./system/src/cortexm/exception_handlers.o
 .debug_line    0x00000000000044be      0x3a9 ./system/src/cmsis/system_stm32f30x.o
 .debug_line    0x0000000000004867       0xfa ./system/src/cmsis/vectors_stm32f30x.o
 .debug_line    0x0000000000004961      0x365 ./src/FreeRTOS/heap_2.o
 .debug_line    0x0000000000004cc6      0x347 ./src/FreeRTOS/list.o
 .debug_line    0x000000000000500d      0x217 ./src/FreeRTOS/port.o
 .debug_line    0x0000000000005224      0x82b ./src/FreeRTOS/tasks.o
 .debug_line    0x0000000000005a4f      0x49d ./src/app.o
 .debug_line    0x0000000000005eec      0x4c5 ./src/kx122.o
 .debug_line    0x00000000000063b1      0x46a ./src/main.o
 .debug_line    0x000000000000681b      0x694 ./src/rn2483.o

.debug_frame    0x0000000000000000     0x19b8
 *(.debug_frame)
 .debug_frame   0x0000000000000000       0xb8 ./system/src/stm32f3-stdperiph/stm32f30x_exti.o
 .debug_frame   0x00000000000000b8      0x26c ./system/src/stm32f3-stdperiph/stm32f30x_flash.o
 .debug_frame   0x0000000000000324      0x104 ./system/src/stm32f3-stdperiph/stm32f30x_gpio.o
 .debug_frame   0x0000000000000428      0x2d8 ./system/src/stm32f3-stdperiph/stm32f30x_i2c.o
 .debug_frame   0x0000000000000700       0x80 ./system/src/stm32f3-stdperiph/stm32f30x_iwdg.o
 .debug_frame   0x0000000000000780       0x74 ./system/src/stm32f3-stdperiph/stm32f30x_misc.o
 .debug_frame   0x00000000000007f4       0xb8 ./system/src/stm32f3-stdperiph/stm32f30x_pwr.o
 .debug_frame   0x00000000000008ac      0x29c ./system/src/stm32f3-stdperiph/stm32f30x_rcc.o
 .debug_frame   0x0000000000000b48       0xfc ./system/src/stm32f3-stdperiph/stm32f30x_syscfg.o
 .debug_frame   0x0000000000000c44      0x35c ./system/src/stm32f3-stdperiph/stm32f30x_usart.o
 .debug_frame   0x0000000000000fa0       0x38 ./system/src/newlib/_exit.o
 .debug_frame   0x0000000000000fd8       0x7c ./system/src/newlib/_startup.o
 .debug_frame   0x0000000000001054       0x50 ./system/src/newlib/_syscalls.o
 .debug_frame   0x00000000000010a4       0x40 ./system/src/cortexm/_initialize_hardware.o
 .debug_frame   0x00000000000010e4       0xe8 ./system/src/cortexm/exception_handlers.o
 .debug_frame   0x00000000000011cc       0x50 ./system/src/cmsis/system_stm32f30x.o
 .debug_frame   0x000000000000121c       0x20 ./system/src/cmsis/vectors_stm32f30x.o
 .debug_frame   0x000000000000123c       0x70 ./src/FreeRTOS/heap_2.o
 .debug_frame   0x00000000000012ac       0x6c ./src/FreeRTOS/list.o
 .debug_frame   0x0000000000001318       0xd0 ./src/FreeRTOS/port.o
 .debug_frame   0x00000000000013e8      0x350 ./src/FreeRTOS/tasks.o
 .debug_frame   0x0000000000001738       0x28 ./src/app.o
 .debug_frame   0x0000000000001760       0x94 ./src/kx122.o
 .debug_frame   0x00000000000017f4       0x40 ./src/main.o
 .debug_frame   0x0000000000001834       0xa0 ./src/rn2483.o
 .debug_frame   0x00000000000018d4       0x28 /Users/peterbruce/gcc-arm-none-eabi-4_9-2015q3/bin/../lib/gcc/arm-none-eabi/4.9.3/../../../../arm-none-eabi/lib/armv7e-m/libg_nano.a(lib_a-memcpy.o)
 .debug_frame   0x00000000000018fc       0x20 /Users/peterbruce/gcc-arm-none-eabi-4_9-2015q3/bin/../lib/gcc/arm-none-eabi/4.9.3/../../../../arm-none-eabi/lib/armv7e-m/libg_nano.a(lib_a-memset.o)
 .debug_frame   0x000000000000191c       0x28 /Users/peterbruce/gcc-arm-none-eabi-4_9-2015q3/bin/../lib/gcc/arm-none-eabi/4.9.3/../../../../arm-none-eabi/lib/armv7e-m/libg_nano.a(lib_a-strcat.o)
 .debug_frame   0x0000000000001944       0x20 /Users/peterbruce/gcc-arm-none-eabi-4_9-2015q3/bin/../lib/gcc/arm-none-eabi/4.9.3/../../../../arm-none-eabi/lib/armv7e-m/libg_nano.a(lib_a-strcpy.o)
 .debug_frame   0x0000000000001964       0x2c /Users/peterbruce/gcc-arm-none-eabi-4_9-2015q3/bin/../lib/gcc/arm-none-eabi/4.9.3/../../../../arm-none-eabi/lib/armv7e-m/libg_nano.a(lib_a-strncat.o)
 .debug_frame   0x0000000000001990       0x28 /Users/peterbruce/gcc-arm-none-eabi-4_9-2015q3/bin/../lib/gcc/arm-none-eabi/4.9.3/../../../../arm-none-eabi/lib/armv7e-m/libg_nano.a(lib_a-strncpy.o)

.debug_str      0x0000000000000000    0x5f6e9
 *(.debug_str)
 .debug_str     0x0000000000000000    0x5343a ./system/src/stm32f3-stdperiph/stm32f30x_exti.o
                                      0x535d0 (size before relaxing)
 .debug_str     0x000000000005343a      0x42a ./system/src/stm32f3-stdperiph/stm32f30x_flash.o
                                      0x53816 (size before relaxing)
 .debug_str     0x0000000000053864      0x2ce ./system/src/stm32f3-stdperiph/stm32f30x_gpio.o
                                      0x536de (size before relaxing)
 .debug_str     0x0000000000053b32      0x53a ./system/src/stm32f3-stdperiph/stm32f30x_i2c.o
                                      0x53939 (size before relaxing)
 .debug_str     0x000000000005406c      0x12a ./system/src/stm32f3-stdperiph/stm32f30x_iwdg.o
                                      0x534e2 (size before relaxing)
 .debug_str     0x0000000000054196      0x250 ./system/src/stm32f3-stdperiph/stm32f30x_misc.o
                                      0x5361c (size before relaxing)
 .debug_str     0x00000000000543e6      0x277 ./system/src/stm32f3-stdperiph/stm32f30x_pwr.o
                                      0x536c0 (size before relaxing)
 .debug_str     0x000000000005465d      0xa41 ./system/src/stm32f3-stdperiph/stm32f30x_rcc.o
                                      0x53e6c (size before relaxing)
 .debug_str     0x000000000005509e      0x3d2 ./system/src/stm32f3-stdperiph/stm32f30x_syscfg.o
                                      0x5379c (size before relaxing)
 .debug_str     0x0000000000055470      0x804 ./system/src/stm32f3-stdperiph/stm32f30x_usart.o
                                      0x53d80 (size before relaxing)
 .debug_str     0x0000000000055c74     0x398b ./system/src/newlib/_exit.o
                                       0x5fdb (size before relaxing)
 .debug_str     0x00000000000595ff      0x324 ./system/src/newlib/_startup.o
                                       0x5065 (size before relaxing)
 .debug_str     0x0000000000059923     0x162d ./system/src/newlib/_syscalls.o
                                       0x65ec (size before relaxing)
 .debug_str     0x000000000005af50       0x77 ./system/src/cortexm/_initialize_hardware.o
                                      0x53488 (size before relaxing)
 .debug_str     0x000000000005afc7      0x1a3 ./system/src/cortexm/exception_handlers.o
                                      0x56ec8 (size before relaxing)
 .debug_str     0x000000000005b16a       0x57 ./system/src/cmsis/system_stm32f30x.o
                                      0x53529 (size before relaxing)
 .debug_str     0x000000000005b1c1       0x57 ./system/src/cmsis/vectors_stm32f30x.o
                                       0x303a (size before relaxing)
 .debug_str     0x000000000005b218     0x1d28 ./src/FreeRTOS/heap_2.o
                                       0x6936 (size before relaxing)
 .debug_str     0x000000000005cf40      0x137 ./src/FreeRTOS/list.o
                                       0x6256 (size before relaxing)
 .debug_str     0x000000000005d077      0x365 ./src/FreeRTOS/port.o
                                       0x4419 (size before relaxing)
 .debug_str     0x000000000005d3dc     0x1285 ./src/FreeRTOS/tasks.o
                                       0x7d4c (size before relaxing)
 .debug_str     0x000000000005e661      0xb46 ./src/app.o
                                      0x55b15 (size before relaxing)
 .debug_str     0x000000000005f1a7      0x480 ./src/kx122.o
                                      0x5635b (size before relaxing)
 .debug_str     0x000000000005f627       0x5e ./src/main.o
                                      0x56079 (size before relaxing)
 .debug_str     0x000000000005f685       0x64 ./src/rn2483.o
                                      0x59265 (size before relaxing)

.debug_loc      0x0000000000000000     0x3b89
 *(.debug_loc)
 .debug_loc     0x0000000000000000      0x1ae ./system/src/stm32f3-stdperiph/stm32f30x_exti.o
 .debug_loc     0x00000000000001ae      0x6bd ./system/src/stm32f3-stdperiph/stm32f30x_flash.o
 .debug_loc     0x000000000000086b      0x2d1 ./system/src/stm32f3-stdperiph/stm32f30x_gpio.o
 .debug_loc     0x0000000000000b3c      0x608 ./system/src/stm32f3-stdperiph/stm32f30x_i2c.o
 .debug_loc     0x0000000000001144       0x59 ./system/src/stm32f3-stdperiph/stm32f30x_iwdg.o
 .debug_loc     0x000000000000119d      0x190 ./system/src/stm32f3-stdperiph/stm32f30x_misc.o
 .debug_loc     0x000000000000132d      0x14a ./system/src/stm32f3-stdperiph/stm32f30x_pwr.o
 .debug_loc     0x0000000000001477      0x94d ./system/src/stm32f3-stdperiph/stm32f30x_rcc.o
 .debug_loc     0x0000000000001dc4      0x280 ./system/src/stm32f3-stdperiph/stm32f30x_syscfg.o
 .debug_loc     0x0000000000002044      0x8ea ./system/src/stm32f3-stdperiph/stm32f30x_usart.o
 .debug_loc     0x000000000000292e      0x36e ./system/src/newlib/_startup.o
 .debug_loc     0x0000000000002c9c       0x63 ./system/src/newlib/_syscalls.o
 .debug_loc     0x0000000000002cff      0x104 ./system/src/cmsis/system_stm32f30x.o
 .debug_loc     0x0000000000002e03      0x1d8 ./src/FreeRTOS/heap_2.o
 .debug_loc     0x0000000000002fdb       0x44 ./src/FreeRTOS/list.o
 .debug_loc     0x000000000000301f       0x5f ./src/FreeRTOS/port.o
 .debug_loc     0x000000000000307e      0xa1e ./src/FreeRTOS/tasks.o
 .debug_loc     0x0000000000003a9c       0x63 ./src/kx122.o
 .debug_loc     0x0000000000003aff       0x8a ./src/rn2483.o

.debug_macinfo
 *(.debug_macinfo)

.debug_weaknames
 *(.debug_weaknames)

.debug_funcnames
 *(.debug_funcnames)

.debug_typenames
 *(.debug_typenames)

.debug_varnames
 *(.debug_varnames)
OUTPUT(Adonis.elf elf32-littlearm)

.debug_ranges   0x0000000000000000      0xaa0
 .debug_ranges  0x0000000000000000       0x48 ./system/src/stm32f3-stdperiph/stm32f30x_exti.o
 .debug_ranges  0x0000000000000048       0xf0 ./system/src/stm32f3-stdperiph/stm32f30x_flash.o
 .debug_ranges  0x0000000000000138       0x70 ./system/src/stm32f3-stdperiph/stm32f30x_gpio.o
 .debug_ranges  0x00000000000001a8      0x158 ./system/src/stm32f3-stdperiph/stm32f30x_i2c.o
 .debug_ranges  0x0000000000000300       0x40 ./system/src/stm32f3-stdperiph/stm32f30x_iwdg.o
 .debug_ranges  0x0000000000000340       0x30 ./system/src/stm32f3-stdperiph/stm32f30x_misc.o
 .debug_ranges  0x0000000000000370       0x58 ./system/src/stm32f3-stdperiph/stm32f30x_pwr.o
 .debug_ranges  0x00000000000003c8      0x140 ./system/src/stm32f3-stdperiph/stm32f30x_rcc.o
 .debug_ranges  0x0000000000000508       0x78 ./system/src/stm32f3-stdperiph/stm32f30x_syscfg.o
 .debug_ranges  0x0000000000000580      0x190 ./system/src/stm32f3-stdperiph/stm32f30x_usart.o
 .debug_ranges  0x0000000000000710       0x18 ./system/src/newlib/_exit.o
 .debug_ranges  0x0000000000000728       0x30 ./system/src/newlib/_startup.o
 .debug_ranges  0x0000000000000758       0x20 ./system/src/newlib/_syscalls.o
 .debug_ranges  0x0000000000000778       0x18 ./system/src/cortexm/_initialize_hardware.o
 .debug_ranges  0x0000000000000790       0x70 ./system/src/cortexm/exception_handlers.o
 .debug_ranges  0x0000000000000800       0x20 ./system/src/cmsis/system_stm32f30x.o
 .debug_ranges  0x0000000000000820       0x10 ./system/src/cmsis/vectors_stm32f30x.o
 .debug_ranges  0x0000000000000830       0x28 ./src/FreeRTOS/heap_2.o
 .debug_ranges  0x0000000000000858       0x30 ./src/FreeRTOS/list.o
 .debug_ranges  0x0000000000000888       0x60 ./src/FreeRTOS/port.o
 .debug_ranges  0x00000000000008e8      0x138 ./src/FreeRTOS/tasks.o
 .debug_ranges  0x0000000000000a20       0x10 ./src/app.o
 .debug_ranges  0x0000000000000a30       0x28 ./src/kx122.o
 .debug_ranges  0x0000000000000a58       0x18 ./src/main.o
 .debug_ranges  0x0000000000000a70       0x30 ./src/rn2483.o

.debug_macro    0x0000000000000000    0x12037
 .debug_macro   0x0000000000000000      0x172 ./system/src/stm32f3-stdperiph/stm32f30x_exti.o
 .debug_macro   0x0000000000000172      0x886 ./system/src/stm32f3-stdperiph/stm32f30x_exti.o
 .debug_macro   0x00000000000009f8       0x6e ./system/src/stm32f3-stdperiph/stm32f30x_exti.o
 .debug_macro   0x0000000000000a66      0x34e ./system/src/stm32f3-stdperiph/stm32f30x_exti.o
 .debug_macro   0x0000000000000db4       0x35 ./system/src/stm32f3-stdperiph/stm32f30x_exti.o
 .debug_macro   0x0000000000000de9       0x50 ./system/src/stm32f3-stdperiph/stm32f30x_exti.o
 .debug_macro   0x0000000000000e39      0xe66 ./system/src/stm32f3-stdperiph/stm32f30x_exti.o
 .debug_macro   0x0000000000001c9f     0x769b ./system/src/stm32f3-stdperiph/stm32f30x_exti.o
 .debug_macro   0x000000000000933a      0x5a6 ./system/src/stm32f3-stdperiph/stm32f30x_exti.o
 .debug_macro   0x00000000000098e0      0x3cf ./system/src/stm32f3-stdperiph/stm32f30x_exti.o
 .debug_macro   0x0000000000009caf       0x46 ./system/src/stm32f3-stdperiph/stm32f30x_exti.o
 .debug_macro   0x0000000000009cf5      0x231 ./system/src/stm32f3-stdperiph/stm32f30x_exti.o
 .debug_macro   0x0000000000009f26      0x196 ./system/src/stm32f3-stdperiph/stm32f30x_exti.o
 .debug_macro   0x000000000000a0bc       0x8e ./system/src/stm32f3-stdperiph/stm32f30x_exti.o
 .debug_macro   0x000000000000a14a      0x3a9 ./system/src/stm32f3-stdperiph/stm32f30x_exti.o
 .debug_macro   0x000000000000a4f3      0x1e4 ./system/src/stm32f3-stdperiph/stm32f30x_exti.o
 .debug_macro   0x000000000000a6d7      0x1b6 ./system/src/stm32f3-stdperiph/stm32f30x_exti.o
 .debug_macro   0x000000000000a88d      0x1df ./system/src/stm32f3-stdperiph/stm32f30x_exti.o
 .debug_macro   0x000000000000aa6c      0x29a ./system/src/stm32f3-stdperiph/stm32f30x_exti.o
 .debug_macro   0x000000000000ad06       0x70 ./system/src/stm32f3-stdperiph/stm32f30x_exti.o
 .debug_macro   0x000000000000ad76      0x10c ./system/src/stm32f3-stdperiph/stm32f30x_exti.o
 .debug_macro   0x000000000000ae82       0xb8 ./system/src/stm32f3-stdperiph/stm32f30x_exti.o
 .debug_macro   0x000000000000af3a      0x5c6 ./system/src/stm32f3-stdperiph/stm32f30x_exti.o
 .debug_macro   0x000000000000b500      0x551 ./system/src/stm32f3-stdperiph/stm32f30x_exti.o
 .debug_macro   0x000000000000ba51      0x3ac ./system/src/stm32f3-stdperiph/stm32f30x_exti.o
 .debug_macro   0x000000000000bdfd      0x8d8 ./system/src/stm32f3-stdperiph/stm32f30x_exti.o
 .debug_macro   0x000000000000c6d5      0x364 ./system/src/stm32f3-stdperiph/stm32f30x_exti.o
 .debug_macro   0x000000000000ca39       0x34 ./system/src/stm32f3-stdperiph/stm32f30x_exti.o
 .debug_macro   0x000000000000ca6d       0x89 ./system/src/stm32f3-stdperiph/stm32f30x_exti.o
 .debug_macro   0x000000000000caf6       0x35 ./system/src/stm32f3-stdperiph/stm32f30x_exti.o
 .debug_macro   0x000000000000cb2b      0x110 ./system/src/stm32f3-stdperiph/stm32f30x_exti.o
 .debug_macro   0x000000000000cc3b      0x17e ./system/src/stm32f3-stdperiph/stm32f30x_flash.o
 .debug_macro   0x000000000000cdb9      0x116 ./system/src/stm32f3-stdperiph/stm32f30x_flash.o
 .debug_macro   0x000000000000cecf      0x1de ./system/src/stm32f3-stdperiph/stm32f30x_flash.o
 .debug_macro   0x000000000000d0ad      0x16c ./system/src/stm32f3-stdperiph/stm32f30x_gpio.o
 .debug_macro   0x000000000000d219      0x1b0 ./system/src/stm32f3-stdperiph/stm32f30x_gpio.o
 .debug_macro   0x000000000000d3c9      0x18a ./system/src/stm32f3-stdperiph/stm32f30x_i2c.o
 .debug_macro   0x000000000000d553      0x294 ./system/src/stm32f3-stdperiph/stm32f30x_i2c.o
 .debug_macro   0x000000000000d7e7      0x178 ./system/src/stm32f3-stdperiph/stm32f30x_iwdg.o
 .debug_macro   0x000000000000d95f       0x6a ./system/src/stm32f3-stdperiph/stm32f30x_iwdg.o
 .debug_macro   0x000000000000d9c9      0x172 ./system/src/stm32f3-stdperiph/stm32f30x_misc.o
 .debug_macro   0x000000000000db3b       0x83 ./system/src/stm32f3-stdperiph/stm32f30x_misc.o
 .debug_macro   0x000000000000dbbe      0x19c ./system/src/stm32f3-stdperiph/stm32f30x_pwr.o
 .debug_macro   0x000000000000dd5a       0xb2 ./system/src/stm32f3-stdperiph/stm32f30x_pwr.o
 .debug_macro   0x000000000000de0c      0x209 ./system/src/stm32f3-stdperiph/stm32f30x_rcc.o
 .debug_macro   0x000000000000e015      0x5c0 ./system/src/stm32f3-stdperiph/stm32f30x_rcc.o
 .debug_macro   0x000000000000e5d5      0x19c ./system/src/stm32f3-stdperiph/stm32f30x_syscfg.o
 .debug_macro   0x000000000000e771      0x1d9 ./system/src/stm32f3-stdperiph/stm32f30x_syscfg.o
 .debug_macro   0x000000000000e94a      0x184 ./system/src/stm32f3-stdperiph/stm32f30x_usart.o
 .debug_macro   0x000000000000eace      0x35e ./system/src/stm32f3-stdperiph/stm32f30x_usart.o
 .debug_macro   0x000000000000ee2c      0x131 ./system/src/newlib/_exit.o
 .debug_macro   0x000000000000ef5d       0x9c ./system/src/newlib/_exit.o
 .debug_macro   0x000000000000eff9      0x10e ./system/src/newlib/_exit.o
 .debug_macro   0x000000000000f107       0x86 ./system/src/newlib/_exit.o
 .debug_macro   0x000000000000f18d       0x43 ./system/src/newlib/_exit.o
 .debug_macro   0x000000000000f1d0      0x27a ./system/src/newlib/_exit.o
 .debug_macro   0x000000000000f44a       0x35 ./system/src/newlib/_exit.o
 .debug_macro   0x000000000000f47f       0xf7 ./system/src/newlib/_startup.o
 .debug_macro   0x000000000000f576      0x89e ./system/src/newlib/_startup.o
 .debug_macro   0x000000000000fe14      0x1ad ./system/src/newlib/_syscalls.o
 .debug_macro   0x000000000000ffc1       0x1c ./system/src/newlib/_syscalls.o
 .debug_macro   0x000000000000ffdd       0x10 ./system/src/newlib/_syscalls.o
 .debug_macro   0x000000000000ffed       0x10 ./system/src/newlib/_syscalls.o
 .debug_macro   0x000000000000fffd       0x10 ./system/src/newlib/_syscalls.o
 .debug_macro   0x000000000001000d       0x10 ./system/src/newlib/_syscalls.o
 .debug_macro   0x000000000001001d       0x35 ./system/src/newlib/_syscalls.o
 .debug_macro   0x0000000000010052      0x122 ./system/src/newlib/_syscalls.o
 .debug_macro   0x0000000000010174       0x2e ./system/src/newlib/_syscalls.o
 .debug_macro   0x00000000000101a2       0x82 ./system/src/newlib/_syscalls.o
 .debug_macro   0x0000000000010224       0x2b ./system/src/newlib/_syscalls.o
 .debug_macro   0x000000000001024f      0x118 ./system/src/newlib/_syscalls.o
 .debug_macro   0x0000000000010367      0x159 ./system/src/newlib/_syscalls.o
 .debug_macro   0x00000000000104c0       0x16 ./system/src/newlib/_syscalls.o
 .debug_macro   0x00000000000104d6      0x16c ./system/src/cortexm/_initialize_hardware.o
 .debug_macro   0x0000000000010642      0x295 ./system/src/cortexm/exception_handlers.o
 .debug_macro   0x00000000000108d7       0x3b ./system/src/cortexm/exception_handlers.o
 .debug_macro   0x0000000000010912       0x22 ./system/src/cortexm/exception_handlers.o
 .debug_macro   0x0000000000010934       0x10 ./system/src/cortexm/exception_handlers.o
 .debug_macro   0x0000000000010944       0xc8 ./system/src/cortexm/exception_handlers.o
 .debug_macro   0x0000000000010a0c       0x19 ./system/src/cortexm/exception_handlers.o
 .debug_macro   0x0000000000010a25       0xbe ./system/src/cortexm/exception_handlers.o
 .debug_macro   0x0000000000010ae3       0x10 ./system/src/cortexm/exception_handlers.o
 .debug_macro   0x0000000000010af3      0x168 ./system/src/cmsis/system_stm32f30x.o
 .debug_macro   0x0000000000010c5b       0x34 ./system/src/cmsis/vectors_stm32f30x.o
 .debug_macro   0x0000000000010c8f      0x161 ./src/FreeRTOS/heap_2.o
 .debug_macro   0x0000000000010df0      0x133 ./src/FreeRTOS/list.o
 .debug_macro   0x0000000000010f23       0xb8 ./src/FreeRTOS/port.o
 .debug_macro   0x0000000000010fdb      0x212 ./src/FreeRTOS/tasks.o
 .debug_macro   0x00000000000111ed       0x16 ./src/FreeRTOS/tasks.o
 .debug_macro   0x0000000000011203       0x97 ./src/FreeRTOS/tasks.o
 .debug_macro   0x000000000001129a       0xf6 ./src/FreeRTOS/tasks.o
 .debug_macro   0x0000000000011390       0x10 ./src/FreeRTOS/tasks.o
 .debug_macro   0x00000000000113a0       0x16 ./src/FreeRTOS/tasks.o
 .debug_macro   0x00000000000113b6      0x197 ./src/FreeRTOS/tasks.o
 .debug_macro   0x000000000001154d       0x16 ./src/FreeRTOS/tasks.o
 .debug_macro   0x0000000000011563      0x219 ./src/app.o
 .debug_macro   0x000000000001177c       0x16 ./src/app.o
 .debug_macro   0x0000000000011792       0x22 ./src/app.o
 .debug_macro   0x00000000000117b4       0xca ./src/app.o
 .debug_macro   0x000000000001187e       0x6a ./src/app.o
 .debug_macro   0x00000000000118e8      0x205 ./src/kx122.o
 .debug_macro   0x0000000000011aed      0x1fb ./src/main.o
 .debug_macro   0x0000000000011ce8      0x333 ./src/rn2483.o
 .debug_macro   0x000000000001201b       0x1c ./src/rn2483.o
